// Jest Snapshot v1, https://goo.gl/fbAQLP

exports[`Home renders correctly 1`] = `
Array [
  <h1
    className="display-1"
  >
    Hello
  </h1>,
  <p
    className="text-monospace"
  >
    Some Javascript, React, RxJS, Ramda, Jest and other stuff...
  </p>,
  <div
    className="container text-center"
  >
    <img
      alt="logo"
      className="app-logo"
      src="logo.svg"
    />
  </div>,
]
`;
